{
  "@context": {
    "olm": "urn://odi.org/v1/logical-model/",
    "opm": "urn://odi.org/v1/physical-model/",
    "dls": "urn://odi.org/v1/data-lake-storage/",
    "odi": "urn://odi.org/v1-beta/entities/",
    "odic": "urn://odi.org/v1-beta/entities/customer/",
    "msft": "urn://microsoft.com/odi-extensions/",
    "dls:entity": {
      "@type": "@id"
    },
    "olm:subClassOf": {
      "@type": "@id"
    },
    "olm:sameAs": {
      "@type": "@id"
    },
    "olm:dataType": {
      "@type": "@id"
    },
    "opm:columnEntity": {
      "@type": "@id"
    },
    "opm:columnAttribute": {
      "@type": "@id"
    },
    "this": "urn://cdm/Odi.json/"
  },
  "dls:folder": {
    "dls:entityReferences": {
      "dls:entity": "this:Device",
      "dls:folderReference": "./Device/partitionData"
    }
  }
}