{
  "pbi:mashup": {
    "fastCombine": true,
    "document": "sample document query",
    "queriesMetadata": {
      "Orders": {
        "queryId": "88bc570c-047d-460f-8eed-c0ef17649afd",
        "queryName": "Orders",
        "loadEnabled": true
      }
    }
  },
  "pbi:timezone": "Pacific Standard Time",
  "name": "sample",
  "description": "sample description",
  "version": "1.0",
  "entities": [
    {
      "$type": "ReferenceEntity",
      "name": "Orders",
      "source": "Orders",
      "description": "",
      "annotations": [
        {
          "name": "pbi:EntityTypeDisplayHint",
          "value": "LinkedEntity"
        }
      ],
      "modelId": "f19bbb97-c031-441a-8bd1-61b9181c0b83/1a7ef9c8-c7e8-45f8-9d8a-b80f8ffe4612"
    },
    {
      "$type": "LocalEntity",
      "name": "sampleEntity",
      "attributes": [
        {
          "name": "sampleAttribute",
          "description": "this is a sample attribute",
          "dataType": "string",
          "pbi:dataCategory": "Identity.Service.Facebook"
        }
      ],
      "description": "Sample entity description",
      "pbi:mashup": {
        "fastCombine": true,
        "allowNativeQueries": true
      },
      "pbi:dataCategory": "BusinessUnit",
      "pbi:refreshPolicy": {
        "$type": "FullRefreshPolicy",
        "location": "http://contoso.com/Account/model.json"
      },
      "partitions": [
        {
          "name": "Sample Partition",
          "location": "http://contoso.com/Account/partition.csv",
          "refreshTime": "2018-11-14T19:37:55.4375154Z",
          "pbi:partitionDataQuery": "<sample partition query>",
          "pbi:refreshBookmark": "2018-12-19T09:05:03.2374986Z",
          "pbi:source": {
            "$type": "RangePolicyPartitionSource",
            "start": "2018-12-19T10:05:03.2374986Z",
            "end": "2018-12-19T10:05:03.2374986Z"
          }
        }
      ],
      "cdm:imports": [
        {
          "corpusPath": "cdm:/foundations.cdm.json"
        },
        {
          "corpusPath": "cdm:/extensions/pbi.extension.cdm.json"
        }
      ]
    }
  ],
  "referenceModels": [
    {
      "id": "<workspaceId>/<ModelId>",
      "location": "http://contoso.com/Account/model.json"
    },
    {
      "id": "f19bbb97-c031-441a-8bd1-61b9181c0b83/1a7ef9c8-c7e8-45f8-9d8a-b80f8ffe4612",
      "location": "http://localhost/entity.model.json"
    }
  ]
}