{
  "imports": [
    {
      "corpusPath": "cdm:/foundations.cdm.json"
    },
    {
      "corpusPath": "custom.extension.cdm.json"
    }
  ],
  "definitions": [
    {
      "entityName": "Customers",
      "exhibitsTraits": [
        {
          "traitReference": "is.extension.pbi:refreshPolicy",
          "arguments": [
            {
              "name": "is.extension.pbi:refreshPolicy",
              "value": {
                "$type": "FullRefreshPolicy",
                "location": "Customers.csv"
              }
            }
          ]
        }
      ],
      "hasAttributes": [
        {
          "dataFormat": "String",
          "name": "CustomerID"
        },
        {
          "dataFormat": "String",
          "name": "CompanyName"
        },
        {
          "dataFormat": "String",
          "name": "ContactName"
        },
        {
          "dataFormat": "String",
          "name": "ContactTitle"
        },
        {
          "dataFormat": "String",
          "name": "Address"
        },
        {
          "dataFormat": "String",
          "name": "City"
        },
        {
          "dataFormat": "String",
          "name": "Region"
        },
        {
          "dataFormat": "String",
          "name": "PostalCode"
        },
        {
          "dataFormat": "String",
          "name": "Country"
        },
        {
          "dataFormat": "String",
          "name": "Phone"
        },
        {
          "dataFormat": "String",
          "name": "Fax"
        }
      ]
    }
  ],
  "jsonSchemaSemanticVersion": "0.9.0"
}