{
    "jsonSchemaSemanticVersion": "0.9.0",
    "imports": [
        {
            "corpusPath": "cdm:/extensions/base.extension.cdm.json"
        }
    ],
    "definitions": [
        {
            "traitName": "is.extension.pbi:refreshPolicy",
            "extendsTrait": "is.extension",
            "hasParameters": [
                {
                    "name": "is.extension.pbi:refreshPolicy",
                    "required": false,
                    "dataType": "object"
                }
            ],
            "elevated": false,
            "modifiesAttributes": false,
            "ugly": false
        },
        {
            "traitName": "is.extension.pbi:mashup",
            "extendsTrait": "is.extension",
            "hasParameters": [
                {
                    "name": "is.extension.pbi:mashup",
                    "required": false,
                    "dataType": "object"
                }
            ],
            "elevated": false,
            "modifiesAttributes": false,
            "ugly": false
        }
    ]
}