{
    "$schema": "CdmFolder.cdm.json",
    "jsonSchemaSemanticVersion": "0.9.0",
    "imports": [
      {
        "corpusPath": "/primitives.cdm.json"
      }
    ],
    "manifestName": "cdmTest",
    "explanation": "test cdm folder for cdm version 0.9+",
    "exhibitsTraits": [
      "is"
    ],
    "entities": [
      {
        "type": "LocalEntity",
        "entityName": "testEntity",
        "explanation": "test explanation",
        "exhibitsTraits": [
          "is"
        ],
        "entityPath": "testPath",
        "dataPartitions": [
          {
            "name": "Sample data partition",
            "location": "test/location",
            "lastFileModifiedTime": "2008-09-15T23:53:23.000Z",
            "exhibitsTraits": [
              "is"
            ],
            "arguments": [
              {
                "name": "test",
                "value": "something"
              },
              {
                "name": "KEY",
                "value": "VALUE"
              },
              {
                "name": "test",
                "value": "somethingelse"
              },
              {
                "name": "test",
                "value": "anotherthing"
              }
            ],
            "specializedSchema": "teststring"
          }
        ]
      }
    ]
  }